2025-07-11 19:50:47,322 - INFO - Output data will be saved to: cache\fundamental_data.csv
2025-07-11 19:50:47,323 - INFO - No existing data file found. Starting fresh.
2025-07-11 19:50:47,329 - INFO - Successfully fetched master list of 1394 symbols.
2025-07-11 19:50:47,330 - INFO - Found 1394 new symbols to process.
2025-07-11 19:50:47,331 - INFO - Processing 1/1394: 18719101...
2025-07-11 19:50:47,834 - ERROR - Could not fetch data for 18719101. Error: Cannot get realtime data from inactive ticker 18719101
2025-07-11 19:50:47,834 - INFO - Processing 2/1394: آ س پ...
2025-07-11 19:50:51,943 - INFO - Processing 3/1394: آباد...
2025-07-11 19:50:55,040 - INFO - Processing 4/1394: آبادا...
2025-07-11 19:50:57,775 - INFO - Processing 5/1394: آبادح...
2025-07-11 19:51:00,249 - INFO - Processing 6/1394: آبین...
2025-07-11 19:51:03,200 - INFO - Processing 7/1394: آتیمس...
2025-07-11 19:51:10,835 - INFO - Processing 8/1394: آذرین...
2025-07-11 19:51:20,462 - INFO - Processing 9/1394: آرام...
2025-07-11 19:51:23,046 - INFO - Processing 10/1394: آردینه...
2025-07-11 19:51:28,376 - INFO - Processing 11/1394: آرمان...
2025-07-11 19:51:35,647 - INFO - Processing 12/1394: آریا...
2025-07-11 19:51:41,684 - INFO - Processing 13/1394: آریان...
2025-07-11 19:51:44,587 - INFO - Processing 14/1394: آساس...
2025-07-11 19:51:55,385 - INFO - Processing 15/1394: آسام...
2025-07-11 19:52:00,174 - INFO - Processing 16/1394: آسامید...
2025-07-11 19:52:03,049 - INFO - Processing 17/1394: آسیا...
2025-07-11 19:52:06,061 - INFO - Processing 18/1394: آفاق...
2025-07-11 19:52:08,761 - INFO - Processing 19/1394: آفرین...
2025-07-11 19:52:20,994 - INFO - Processing 20/1394: آلا...
2025-07-11 19:52:23,849 - INFO - Processing 21/1394: آلتون...
2025-07-11 19:52:26,598 - INFO - Processing 22/1394: آلومینا...
2025-07-11 19:52:35,890 - INFO - Processing 23/1394: آوا...
2025-07-11 19:52:42,485 - INFO - Processing 24/1394: آوند...
2025-07-11 19:52:45,255 - INFO - Processing 25/1394: آپ...
2025-07-11 19:52:49,216 - INFO - Processing 26/1394: آکام...
2025-07-11 19:52:50,880 - INFO - Processing 27/1394: آکنتور...
2025-07-11 19:52:51,607 - ERROR - Could not fetch data for آکنتور. Error: Cannot get realtime data from inactive ticker آکنتور
2025-07-11 19:52:51,607 - INFO - Processing 28/1394: آکنتورح...
2025-07-11 19:52:52,190 - ERROR - Could not fetch data for آکنتورح. Error: Cannot get realtime data from inactive ticker آکنتورح
2025-07-11 19:52:52,191 - INFO - Processing 29/1394: آکورد...
2025-07-11 19:53:09,818 - INFO - Processing 30/1394: آگاس...
2025-07-11 19:53:11,597 - INFO - Processing 31/1394: اتوآگاه...
2025-07-11 19:53:14,326 - INFO - Processing 32/1394: اتکاسا...
2025-07-11 19:53:16,978 - INFO - Processing 33/1394: اتکام...
2025-07-11 19:53:19,756 - INFO - Processing 34/1394: اتکامح...
2025-07-11 19:53:22,641 - INFO - Processing 35/1394: اتکای...
2025-07-11 19:53:25,583 - INFO - Processing 36/1394: اجداد...
2025-07-11 19:53:25,770 - ERROR - Could not fetch data for اجداد. Error: single positional indexer is out-of-bounds
2025-07-11 19:53:25,771 - INFO - Processing 37/1394: اخابر...
2025-07-11 19:53:29,031 - INFO - Processing 38/1394: اخابرح...
2025-07-11 19:53:31,751 - INFO - Processing 39/1394: اردستان...
2025-07-11 19:53:41,636 - INFO - Processing 40/1394: ارزش...
2025-07-11 19:53:44,737 - INFO - Processing 41/1394: ارزش مسکن...
2025-07-11 19:53:47,444 - INFO - Processing 42/1394: ارفع...
2025-07-11 19:53:50,463 - INFO - Processing 43/1394: ارمغان...
2025-07-11 19:54:03,369 - INFO - Processing 44/1394: اروند...
2025-07-11 19:54:03,567 - ERROR - Could not fetch data for اروند. Error: single positional indexer is out-of-bounds
2025-07-11 19:54:03,568 - INFO - Processing 45/1394: استقلال...
2025-07-11 19:54:06,317 - INFO - Processing 46/1394: استیل...
2025-07-11 19:54:09,370 - INFO - Processing 47/1394: اسیاتک...
2025-07-11 19:54:12,559 - INFO - Processing 48/1394: اطلس...
2025-07-11 19:54:15,742 - INFO - Processing 49/1394: اعتبار...
2025-07-11 19:54:37,408 - INFO - Processing 50/1394: اعتلا...
2025-07-11 19:54:40,926 - INFO - Saving batch of 45 new symbols to cache...
2025-07-11 19:54:40,940 - INFO - Processing 51/1394: اعتماد...
2025-07-11 19:54:44,096 - INFO - Processing 52/1394: افرا...
2025-07-11 19:54:48,802 - INFO - Processing 53/1394: افران...
2025-07-11 19:54:59,500 - INFO - Processing 54/1394: افق...
2025-07-11 20:18:34,699 - INFO - Output data will be saved to: cache\fundamental_data.csv
2025-07-11 20:18:34,700 - INFO - Loading existing data from cache\fundamental_data.csv
2025-07-11 20:18:34,716 - INFO - Found 45 symbols in the cache.
2025-07-11 20:18:34,720 - INFO - Successfully fetched master list of 1394 symbols.
2025-07-11 20:18:34,721 - INFO - Found 1349 new symbols to process.
2025-07-11 20:18:34,721 - INFO - Processing 1/1349: 18719101...
2025-07-11 20:18:35,636 - ERROR - Could not fetch data for 18719101. Error: Cannot get realtime data from inactive ticker 18719101
2025-07-11 20:18:35,636 - INFO - Processing 2/1349: آکنتور...
2025-07-11 20:18:36,443 - ERROR - Could not fetch data for آکنتور. Error: Cannot get realtime data from inactive ticker آکنتور
2025-07-11 20:18:36,443 - INFO - Processing 3/1349: آکنتورح...
2025-07-11 20:18:37,260 - ERROR - Could not fetch data for آکنتورح. Error: Cannot get realtime data from inactive ticker آکنتورح
2025-07-11 20:18:37,261 - INFO - Processing 4/1349: اجداد...
2025-07-11 20:18:37,469 - ERROR - Could not fetch data for اجداد. Error: single positional indexer is out-of-bounds
2025-07-11 20:18:37,469 - INFO - Processing 5/1349: اروند...
2025-07-11 20:18:37,648 - ERROR - Could not fetch data for اروند. Error: single positional indexer is out-of-bounds
2025-07-11 20:18:37,648 - INFO - Processing 6/1349: اعتماد...
2025-07-11 20:18:42,616 - INFO - Processing 7/1349: افرا...
2025-07-11 20:18:45,505 - INFO - Processing 8/1349: افران...
2025-07-11 20:18:48,110 - INFO - Processing 9/1349: افق...
2025-07-11 20:18:51,115 - INFO - Processing 10/1349: افق ملت...
2025-07-11 20:18:53,992 - INFO - Processing 11/1349: افقح...
2025-07-11 20:18:57,492 - INFO - Processing 12/1349: البرز...
2025-07-11 20:19:00,554 - INFO - Processing 13/1349: البرزح...
2025-07-11 20:19:05,247 - INFO - Processing 14/1349: الماس...
2025-07-11 20:19:08,034 - INFO - Processing 15/1349: امید...
